// Jest Snapshot v1, https://goo.gl/fbAQLP

exports[`<Author/> renders correctly 1`] = `
<DocumentFragment>
  <div>
    Joe Doe
  </div>
</DocumentFragment>
`;
