// Jest Snapshot v1, https://goo.gl/fbAQLP

exports[`<NoDataWrapper/> renders correctly 1`] = `
<DocumentFragment>
  <div
    class="sc-AxjAm hvoVVA"
  />
</DocumentFragment>
`;
