// Jest Snapshot v1, https://goo.gl/fbAQLP

exports[`<Heading/> renders correctly 1`] = `
<DocumentFragment>
  <h1>
    Awesome heading
  </h1>
</DocumentFragment>
`;
