// Jest Snapshot v1, https://goo.gl/fbAQLP

exports[`<Elements/> renders correctly 1`] = `
<DocumentFragment>
  <div
    class="sc-AxhCb dTHeSs"
  />
</DocumentFragment>
`;
